------------------------------------------------------------
Timing Analyzer Summary
------------------------------------------------------------

Type  : Slow 1100mV 85C Model Setup 'pll_250_inst|pll_x86_inst|altera_pll_i|general[0].gpll~PLL_OUTPUT_COUNTER|divclk'
Slack : -5.709
TNS   : -12350.925

Type  : Slow 1100mV 85C Model Setup 'ft_clk'
Slack : -5.526
TNS   : -5019.244

Type  : Slow 1100mV 85C Model Setup 'altera_reserved_tck'
Slack : 9.111
TNS   : 0.000

Type  : Slow 1100mV 85C Model Hold 'pll_250_inst|pll_x86_inst|altera_pll_i|general[0].gpll~PLL_OUTPUT_COUNTER|divclk'
Slack : 0.080
TNS   : 0.000

Type  : Slow 1100mV 85C Model Hold 'altera_reserved_tck'
Slack : 0.175
TNS   : 0.000

Type  : Slow 1100mV 85C Model Hold 'ft_clk'
Slack : 0.233
TNS   : 0.000

Type  : Slow 1100mV 85C Model Recovery 'pll_250_inst|pll_x86_inst|altera_pll_i|general[0].gpll~PLL_OUTPUT_COUNTER|divclk'
Slack : 1.913
TNS   : 0.000

Type  : Slow 1100mV 85C Model Recovery 'altera_reserved_tck'
Slack : 29.637
TNS   : 0.000

Type  : Slow 1100mV 85C Model Removal 'altera_reserved_tck'
Slack : 0.891
TNS   : 0.000

Type  : Slow 1100mV 85C Model Removal 'pll_250_inst|pll_x86_inst|altera_pll_i|general[0].gpll~PLL_OUTPUT_COUNTER|divclk'
Slack : 1.018
TNS   : 0.000

Type  : Slow 1100mV 85C Model Minimum Pulse Width 'pll_250_inst|pll_x86_inst|altera_pll_i|general[0].gpll~PLL_OUTPUT_COUNTER|divclk'
Slack : -0.166
TNS   : -13.612

Type  : Slow 1100mV 85C Model Minimum Pulse Width 'pll_250_inst|pll_x86_inst|altera_pll_i|general[0].gpll~FRACTIONAL_PLL|vcoph[0]'
Slack : 1.000
TNS   : 0.000

Type  : Slow 1100mV 85C Model Minimum Pulse Width 'ft_clk'
Slack : 4.283
TNS   : 0.000

Type  : Slow 1100mV 85C Model Minimum Pulse Width 'CLOCK_50'
Slack : 9.949
TNS   : 0.000

Type  : Slow 1100mV 85C Model Minimum Pulse Width 'altera_reserved_tck'
Slack : 15.176
TNS   : 0.000

Type  : Slow 1100mV 0C Model Setup 'pll_250_inst|pll_x86_inst|altera_pll_i|general[0].gpll~PLL_OUTPUT_COUNTER|divclk'
Slack : -5.922
TNS   : -11402.214

Type  : Slow 1100mV 0C Model Setup 'ft_clk'
Slack : -5.463
TNS   : -4792.138

Type  : Slow 1100mV 0C Model Setup 'altera_reserved_tck'
Slack : 9.237
TNS   : 0.000

Type  : Slow 1100mV 0C Model Hold 'pll_250_inst|pll_x86_inst|altera_pll_i|general[0].gpll~PLL_OUTPUT_COUNTER|divclk'
Slack : 0.054
TNS   : 0.000

Type  : Slow 1100mV 0C Model Hold 'altera_reserved_tck'
Slack : 0.163
TNS   : 0.000

Type  : Slow 1100mV 0C Model Hold 'ft_clk'
Slack : 0.220
TNS   : 0.000

Type  : Slow 1100mV 0C Model Recovery 'pll_250_inst|pll_x86_inst|altera_pll_i|general[0].gpll~PLL_OUTPUT_COUNTER|divclk'
Slack : 2.027
TNS   : 0.000

Type  : Slow 1100mV 0C Model Recovery 'altera_reserved_tck'
Slack : 29.815
TNS   : 0.000

Type  : Slow 1100mV 0C Model Removal 'altera_reserved_tck'
Slack : 0.803
TNS   : 0.000

Type  : Slow 1100mV 0C Model Removal 'pll_250_inst|pll_x86_inst|altera_pll_i|general[0].gpll~PLL_OUTPUT_COUNTER|divclk'
Slack : 0.895
TNS   : 0.000

Type  : Slow 1100mV 0C Model Minimum Pulse Width 'pll_250_inst|pll_x86_inst|altera_pll_i|general[0].gpll~PLL_OUTPUT_COUNTER|divclk'
Slack : -0.166
TNS   : -13.612

Type  : Slow 1100mV 0C Model Minimum Pulse Width 'pll_250_inst|pll_x86_inst|altera_pll_i|general[0].gpll~FRACTIONAL_PLL|vcoph[0]'
Slack : 1.000
TNS   : 0.000

Type  : Slow 1100mV 0C Model Minimum Pulse Width 'ft_clk'
Slack : 4.174
TNS   : 0.000

Type  : Slow 1100mV 0C Model Minimum Pulse Width 'CLOCK_50'
Slack : 9.980
TNS   : 0.000

Type  : Slow 1100mV 0C Model Minimum Pulse Width 'altera_reserved_tck'
Slack : 15.203
TNS   : 0.000

Type  : Fast 1100mV 85C Model Setup 'ft_clk'
Slack : -1.893
TNS   : -146.544

Type  : Fast 1100mV 85C Model Setup 'pll_250_inst|pll_x86_inst|altera_pll_i|general[0].gpll~PLL_OUTPUT_COUNTER|divclk'
Slack : -1.443
TNS   : -547.210

Type  : Fast 1100mV 85C Model Setup 'altera_reserved_tck'
Slack : 12.938
TNS   : 0.000

Type  : Fast 1100mV 85C Model Hold 'altera_reserved_tck'
Slack : 0.032
TNS   : 0.000

Type  : Fast 1100mV 85C Model Hold 'ft_clk'
Slack : 0.126
TNS   : 0.000

Type  : Fast 1100mV 85C Model Hold 'pll_250_inst|pll_x86_inst|altera_pll_i|general[0].gpll~PLL_OUTPUT_COUNTER|divclk'
Slack : 0.136
TNS   : 0.000

Type  : Fast 1100mV 85C Model Recovery 'pll_250_inst|pll_x86_inst|altera_pll_i|general[0].gpll~PLL_OUTPUT_COUNTER|divclk'
Slack : 2.822
TNS   : 0.000

Type  : Fast 1100mV 85C Model Recovery 'altera_reserved_tck'
Slack : 31.046
TNS   : 0.000

Type  : Fast 1100mV 85C Model Removal 'altera_reserved_tck'
Slack : 0.299
TNS   : 0.000

Type  : Fast 1100mV 85C Model Removal 'pll_250_inst|pll_x86_inst|altera_pll_i|general[0].gpll~PLL_OUTPUT_COUNTER|divclk'
Slack : 0.526
TNS   : 0.000

Type  : Fast 1100mV 85C Model Minimum Pulse Width 'pll_250_inst|pll_x86_inst|altera_pll_i|general[0].gpll~PLL_OUTPUT_COUNTER|divclk'
Slack : 0.364
TNS   : 0.000

Type  : Fast 1100mV 85C Model Minimum Pulse Width 'pll_250_inst|pll_x86_inst|altera_pll_i|general[0].gpll~FRACTIONAL_PLL|vcoph[0]'
Slack : 1.000
TNS   : 0.000

Type  : Fast 1100mV 85C Model Minimum Pulse Width 'ft_clk'
Slack : 4.428
TNS   : 0.000

Type  : Fast 1100mV 85C Model Minimum Pulse Width 'CLOCK_50'
Slack : 9.643
TNS   : 0.000

Type  : Fast 1100mV 85C Model Minimum Pulse Width 'altera_reserved_tck'
Slack : 15.041
TNS   : 0.000

Type  : Fast 1100mV 0C Model Setup 'ft_clk'
Slack : -1.591
TNS   : -78.104

Type  : Fast 1100mV 0C Model Setup 'pll_250_inst|pll_x86_inst|altera_pll_i|general[0].gpll~PLL_OUTPUT_COUNTER|divclk'
Slack : -0.890
TNS   : -218.238

Type  : Fast 1100mV 0C Model Setup 'altera_reserved_tck'
Slack : 13.315
TNS   : 0.000

Type  : Fast 1100mV 0C Model Hold 'altera_reserved_tck'
Slack : 0.020
TNS   : 0.000

Type  : Fast 1100mV 0C Model Hold 'pll_250_inst|pll_x86_inst|altera_pll_i|general[0].gpll~PLL_OUTPUT_COUNTER|divclk'
Slack : 0.068
TNS   : 0.000

Type  : Fast 1100mV 0C Model Hold 'ft_clk'
Slack : 0.113
TNS   : 0.000

Type  : Fast 1100mV 0C Model Recovery 'pll_250_inst|pll_x86_inst|altera_pll_i|general[0].gpll~PLL_OUTPUT_COUNTER|divclk'
Slack : 2.967
TNS   : 0.000

Type  : Fast 1100mV 0C Model Recovery 'altera_reserved_tck'
Slack : 31.289
TNS   : 0.000

Type  : Fast 1100mV 0C Model Removal 'altera_reserved_tck'
Slack : 0.254
TNS   : 0.000

Type  : Fast 1100mV 0C Model Removal 'pll_250_inst|pll_x86_inst|altera_pll_i|general[0].gpll~PLL_OUTPUT_COUNTER|divclk'
Slack : 0.438
TNS   : 0.000

Type  : Fast 1100mV 0C Model Minimum Pulse Width 'pll_250_inst|pll_x86_inst|altera_pll_i|general[0].gpll~PLL_OUTPUT_COUNTER|divclk'
Slack : 0.364
TNS   : 0.000

Type  : Fast 1100mV 0C Model Minimum Pulse Width 'pll_250_inst|pll_x86_inst|altera_pll_i|general[0].gpll~FRACTIONAL_PLL|vcoph[0]'
Slack : 1.000
TNS   : 0.000

Type  : Fast 1100mV 0C Model Minimum Pulse Width 'ft_clk'
Slack : 4.425
TNS   : 0.000

Type  : Fast 1100mV 0C Model Minimum Pulse Width 'CLOCK_50'
Slack : 9.632
TNS   : 0.000

Type  : Fast 1100mV 0C Model Minimum Pulse Width 'altera_reserved_tck'
Slack : 15.086
TNS   : 0.000

------------------------------------------------------------
